WARNING 2026-01-25 21:17:12,958 log 139813 123916016154304 "GET / HTTP/1.1" 400 77724
WARNING 2026-01-25 21:17:15,136 log 139813 123916007761600 "GET /favicon.ico HTTP/1.1" 400 77667
WARNING 2026-01-25 21:17:26,933 log 139813 123916007761600 Not Found: /favicon.ico
WARNING 2026-01-25 21:17:26,939 log 139813 123916007761600 "GET /favicon.ico HTTP/1.1" 404 4105
ERROR 2026-01-25 21:53:33,129 log 141189 138416000853696 Internal Server Error: /accounts/login/
Traceback (most recent call last):
  File "/home/bader/Desktop/django_projects/venv/lib/python3.12/site-packages/django/core/handlers/exception.py", line 55, in inner
    response = get_response(request)
               ^^^^^^^^^^^^^^^^^^^^^
  File "/home/bader/Desktop/django_projects/venv/lib/python3.12/site-packages/django/core/handlers/base.py", line 198, in _get_response
    response = wrapped_callback(request, *callback_args, **callback_kwargs)
               ^^^^^^^^^^^^^^^^^^^^^^^^^^^^^^^^^^^^^^^^^^^^^^^^^^^^^^^^^^^^
  File "/home/bader/Desktop/django_projects/venv/lib/python3.12/site-packages/django/views/decorators/cache.py", line 80, in _view_wrapper
    response = view_func(request, *args, **kwargs)
               ^^^^^^^^^^^^^^^^^^^^^^^^^^^^^^^^^^^
  File "/home/bader/Desktop/django_projects/venv/lib/python3.12/site-packages/django/utils/decorators.py", line 192, in _view_wrapper
    result = _process_exception(request, e)
             ^^^^^^^^^^^^^^^^^^^^^^^^^^^^^^
  File "/home/bader/Desktop/django_projects/venv/lib/python3.12/site-packages/django/utils/decorators.py", line 190, in _view_wrapper
    response = view_func(request, *args, **kwargs)
               ^^^^^^^^^^^^^^^^^^^^^^^^^^^^^^^^^^^
  File "/home/bader/Desktop/django_projects/venv/lib/python3.12/site-packages/django/views/decorators/http.py", line 64, in inner
    return func(request, *args, **kwargs)
           ^^^^^^^^^^^^^^^^^^^^^^^^^^^^^^
  File "/home/bader/Desktop/django_projects/mystore/accounts/views.py", line 196, in login_view
    return render(request, 'accounts/login.html', {'form': form})
           ^^^^^^^^^^^^^^^^^^^^^^^^^^^^^^^^^^^^^^^^^^^^^^^^^^^^^^
  File "/home/bader/Desktop/django_projects/venv/lib/python3.12/site-packages/django/shortcuts.py", line 25, in render
    content = loader.render_to_string(template_name, context, request, using=using)
              ^^^^^^^^^^^^^^^^^^^^^^^^^^^^^^^^^^^^^^^^^^^^^^^^^^^^^^^^^^^^^^^^^^^^^
  File "/home/bader/Desktop/django_projects/venv/lib/python3.12/site-packages/django/template/loader.py", line 61, in render_to_string
    template = get_template(template_name, using=using)
               ^^^^^^^^^^^^^^^^^^^^^^^^^^^^^^^^^^^^^^^^
  File "/home/bader/Desktop/django_projects/venv/lib/python3.12/site-packages/django/template/loader.py", line 19, in get_template
    raise TemplateDoesNotExist(template_name, chain=chain)
django.template.exceptions.TemplateDoesNotExist: accounts/login.html
ERROR 2026-01-25 21:53:33,149 log 141189 138416000853696 "GET /accounts/login/ HTTP/1.1" 500 107935
WARNING 2026-01-25 21:53:38,877 log 141189 138416000853696 Not Found: /login/
WARNING 2026-01-25 21:53:38,878 log 141189 138416000853696 "GET /login/ HTTP/1.1" 404 4345
ERROR 2026-01-25 22:16:34,860 log 143302 127506899265216 Internal Server Error: /accounts/profile/
Traceback (most recent call last):
  File "/home/bader/Desktop/django_projects/venv/lib/python3.12/site-packages/django/core/handlers/exception.py", line 55, in inner
    response = get_response(request)
               ^^^^^^^^^^^^^^^^^^^^^
  File "/home/bader/Desktop/django_projects/venv/lib/python3.12/site-packages/django/core/handlers/base.py", line 198, in _get_response
    response = wrapped_callback(request, *callback_args, **callback_kwargs)
               ^^^^^^^^^^^^^^^^^^^^^^^^^^^^^^^^^^^^^^^^^^^^^^^^^^^^^^^^^^^^
  File "/home/bader/Desktop/django_projects/venv/lib/python3.12/site-packages/django/contrib/auth/decorators.py", line 59, in _view_wrapper
    return view_func(request, *args, **kwargs)
           ^^^^^^^^^^^^^^^^^^^^^^^^^^^^^^^^^^^
  File "/home/bader/Desktop/django_projects/venv/lib/python3.12/site-packages/django/utils/decorators.py", line 192, in _view_wrapper
    result = _process_exception(request, e)
             ^^^^^^^^^^^^^^^^^^^^^^^^^^^^^^
  File "/home/bader/Desktop/django_projects/venv/lib/python3.12/site-packages/django/utils/decorators.py", line 190, in _view_wrapper
    response = view_func(request, *args, **kwargs)
               ^^^^^^^^^^^^^^^^^^^^^^^^^^^^^^^^^^^
  File "/home/bader/Desktop/django_projects/venv/lib/python3.12/site-packages/django/views/decorators/http.py", line 64, in inner
    return func(request, *args, **kwargs)
           ^^^^^^^^^^^^^^^^^^^^^^^^^^^^^^
  File "/home/bader/Desktop/django_projects/mystore/accounts/views.py", line 230, in profile_view
    return render(request, 'accounts/profile.html', {
           ^^^^^^^^^^^^^^^^^^^^^^^^^^^^^^^^^^^^^^^^^^
  File "/home/bader/Desktop/django_projects/venv/lib/python3.12/site-packages/django/shortcuts.py", line 25, in render
    content = loader.render_to_string(template_name, context, request, using=using)
              ^^^^^^^^^^^^^^^^^^^^^^^^^^^^^^^^^^^^^^^^^^^^^^^^^^^^^^^^^^^^^^^^^^^^^
  File "/home/bader/Desktop/django_projects/venv/lib/python3.12/site-packages/django/template/loader.py", line 62, in render_to_string
    return template.render(context, request)
           ^^^^^^^^^^^^^^^^^^^^^^^^^^^^^^^^^
  File "/home/bader/Desktop/django_projects/venv/lib/python3.12/site-packages/django/template/backends/django.py", line 107, in render
    return self.template.render(context)
           ^^^^^^^^^^^^^^^^^^^^^^^^^^^^^
  File "/home/bader/Desktop/django_projects/venv/lib/python3.12/site-packages/django/template/base.py", line 174, in render
    return self._render(context)
           ^^^^^^^^^^^^^^^^^^^^^
  File "/home/bader/Desktop/django_projects/venv/lib/python3.12/site-packages/django/template/base.py", line 166, in _render
    return self.nodelist.render(context)
           ^^^^^^^^^^^^^^^^^^^^^^^^^^^^^
  File "/home/bader/Desktop/django_projects/venv/lib/python3.12/site-packages/django/template/base.py", line 1091, in render
    return SafeString("".join([node.render_annotated(context) for node in self]))
                               ^^^^^^^^^^^^^^^^^^^^^^^^^^^^^^
  File "/home/bader/Desktop/django_projects/venv/lib/python3.12/site-packages/django/template/base.py", line 1052, in render_annotated
    return self.render(context)
           ^^^^^^^^^^^^^^^^^^^^
  File "/home/bader/Desktop/django_projects/venv/lib/python3.12/site-packages/django/template/loader_tags.py", line 160, in render
    return compiled_parent._render(context)
           ^^^^^^^^^^^^^^^^^^^^^^^^^^^^^^^^
  File "/home/bader/Desktop/django_projects/venv/lib/python3.12/site-packages/django/template/base.py", line 166, in _render
    return self.nodelist.render(context)
           ^^^^^^^^^^^^^^^^^^^^^^^^^^^^^
  File "/home/bader/Desktop/django_projects/venv/lib/python3.12/site-packages/django/template/base.py", line 1091, in render
    return SafeString("".join([node.render_annotated(context) for node in self]))
                               ^^^^^^^^^^^^^^^^^^^^^^^^^^^^^^
  File "/home/bader/Desktop/django_projects/venv/lib/python3.12/site-packages/django/template/base.py", line 1052, in render_annotated
    return self.render(context)
           ^^^^^^^^^^^^^^^^^^^^
  File "/home/bader/Desktop/django_projects/venv/lib/python3.12/site-packages/django/template/loader_tags.py", line 66, in render
    result = block.nodelist.render(context)
             ^^^^^^^^^^^^^^^^^^^^^^^^^^^^^^
  File "/home/bader/Desktop/django_projects/venv/lib/python3.12/site-packages/django/template/base.py", line 1091, in render
    return SafeString("".join([node.render_annotated(context) for node in self]))
                               ^^^^^^^^^^^^^^^^^^^^^^^^^^^^^^
  File "/home/bader/Desktop/django_projects/venv/lib/python3.12/site-packages/django/template/base.py", line 1052, in render_annotated
    return self.render(context)
           ^^^^^^^^^^^^^^^^^^^^
  File "/home/bader/Desktop/django_projects/venv/lib/python3.12/site-packages/django/template/defaulttags.py", line 511, in render
    url = reverse(view_name, args=args, kwargs=kwargs, current_app=current_app)
          ^^^^^^^^^^^^^^^^^^^^^^^^^^^^^^^^^^^^^^^^^^^^^^^^^^^^^^^^^^^^^^^^^^^^^
  File "/home/bader/Desktop/django_projects/venv/lib/python3.12/site-packages/django/urls/base.py", line 98, in reverse
    resolved_url = resolver._reverse_with_prefix(view, prefix, *args, **kwargs)
                   ^^^^^^^^^^^^^^^^^^^^^^^^^^^^^^^^^^^^^^^^^^^^^^^^^^^^^^^^^^^^
  File "/home/bader/Desktop/django_projects/venv/lib/python3.12/site-packages/django/urls/resolvers.py", line 842, in _reverse_with_prefix
    raise NoReverseMatch(msg)
django.urls.exceptions.NoReverseMatch: Reverse for 'addresses' not found. 'addresses' is not a valid view function or pattern name.
ERROR 2026-01-25 22:16:34,874 log 143302 127506899265216 "GET /accounts/profile/ HTTP/1.1" 500 192620
ERROR 2026-01-25 22:18:57,313 log 143811 132864813299392 Internal Server Error: /accounts/profile/
Traceback (most recent call last):
  File "/home/bader/Desktop/django_projects/venv/lib/python3.12/site-packages/django/core/handlers/exception.py", line 55, in inner
    response = get_response(request)
               ^^^^^^^^^^^^^^^^^^^^^
  File "/home/bader/Desktop/django_projects/venv/lib/python3.12/site-packages/django/core/handlers/base.py", line 198, in _get_response
    response = wrapped_callback(request, *callback_args, **callback_kwargs)
               ^^^^^^^^^^^^^^^^^^^^^^^^^^^^^^^^^^^^^^^^^^^^^^^^^^^^^^^^^^^^
  File "/home/bader/Desktop/django_projects/venv/lib/python3.12/site-packages/django/contrib/auth/decorators.py", line 59, in _view_wrapper
    return view_func(request, *args, **kwargs)
           ^^^^^^^^^^^^^^^^^^^^^^^^^^^^^^^^^^^
  File "/home/bader/Desktop/django_projects/venv/lib/python3.12/site-packages/django/utils/decorators.py", line 192, in _view_wrapper
    result = _process_exception(request, e)
             ^^^^^^^^^^^^^^^^^^^^^^^^^^^^^^
  File "/home/bader/Desktop/django_projects/venv/lib/python3.12/site-packages/django/utils/decorators.py", line 190, in _view_wrapper
    response = view_func(request, *args, **kwargs)
               ^^^^^^^^^^^^^^^^^^^^^^^^^^^^^^^^^^^
  File "/home/bader/Desktop/django_projects/venv/lib/python3.12/site-packages/django/views/decorators/http.py", line 64, in inner
    return func(request, *args, **kwargs)
           ^^^^^^^^^^^^^^^^^^^^^^^^^^^^^^
  File "/home/bader/Desktop/django_projects/mystore/accounts/views.py", line 235, in profile_view
    total_spent = orders.filter(status='delivered').aggregate(total=Sum('total_amount'))['total'] or 0
                  ^^^^^^^^^^^^^^^^^^^^^^^^^^^^^^^^^^^^^^^^^^^^^^^^^^^^^^^^^^^^^^^^^^^^^^
  File "/home/bader/Desktop/django_projects/venv/lib/python3.12/site-packages/django/db/models/query.py", line 594, in aggregate
    return self.query.chain().get_aggregation(self.db, kwargs)
           ^^^^^^^^^^^^^^^^^^^^^^^^^^^^^^^^^^^^^^^^^^^^^^^^^^^
  File "/home/bader/Desktop/django_projects/venv/lib/python3.12/site-packages/django/db/models/sql/query.py", line 467, in get_aggregation
    aggregate = aggregate_expr.resolve_expression(
                ^^^^^^^^^^^^^^^^^^^^^^^^^^^^^^^^^^
  File "/home/bader/Desktop/django_projects/venv/lib/python3.12/site-packages/django/db/models/aggregates.py", line 122, in resolve_expression
    c = super().resolve_expression(query, allow_joins, reuse, summarize)
        ^^^^^^^^^^^^^^^^^^^^^^^^^^^^^^^^^^^^^^^^^^^^^^^^^^^^^^^^^^^^^^^^
  File "/home/bader/Desktop/django_projects/venv/lib/python3.12/site-packages/django/db/models/expressions.py", line 301, in resolve_expression
    expr.resolve_expression(query, allow_joins, reuse, summarize, for_save)
  File "/home/bader/Desktop/django_projects/venv/lib/python3.12/site-packages/django/db/models/expressions.py", line 904, in resolve_expression
    return query.resolve_ref(self.name, allow_joins, reuse, summarize)
           ^^^^^^^^^^^^^^^^^^^^^^^^^^^^^^^^^^^^^^^^^^^^^^^^^^^^^^^^^^^
  File "/home/bader/Desktop/django_projects/venv/lib/python3.12/site-packages/django/db/models/sql/query.py", line 2077, in resolve_ref
    join_info = self.setup_joins(
                ^^^^^^^^^^^^^^^^^
  File "/home/bader/Desktop/django_projects/venv/lib/python3.12/site-packages/django/db/models/sql/query.py", line 1927, in setup_joins
    path, final_field, targets, rest = self.names_to_path(
                                       ^^^^^^^^^^^^^^^^^^^
  File "/home/bader/Desktop/django_projects/venv/lib/python3.12/site-packages/django/db/models/sql/query.py", line 1832, in names_to_path
    raise FieldError(
django.core.exceptions.FieldError: Cannot resolve keyword 'total_amount' into field. Choices are: billing_address, coupon_usage, created_at, delivered_at, discount, id, integrity_hash, ip_address, items, notes, order_number, payment_method, payment_status, shipped_at, shipping_address, shipping_cost, status, subtotal, tax, total, tracking_number, updated_at, user, user_agent, user_id
ERROR 2026-01-25 22:18:57,344 log 143811 132864813299392 "GET /accounts/profile/ HTTP/1.1" 500 134646
ERROR 2026-01-25 22:19:57,762 log 143876 133487741892288 Internal Server Error: /accounts/profile/
Traceback (most recent call last):
  File "/home/bader/Desktop/django_projects/venv/lib/python3.12/site-packages/django/core/handlers/exception.py", line 55, in inner
    response = get_response(request)
               ^^^^^^^^^^^^^^^^^^^^^
  File "/home/bader/Desktop/django_projects/venv/lib/python3.12/site-packages/django/core/handlers/base.py", line 198, in _get_response
    response = wrapped_callback(request, *callback_args, **callback_kwargs)
               ^^^^^^^^^^^^^^^^^^^^^^^^^^^^^^^^^^^^^^^^^^^^^^^^^^^^^^^^^^^^
  File "/home/bader/Desktop/django_projects/venv/lib/python3.12/site-packages/django/contrib/auth/decorators.py", line 59, in _view_wrapper
    return view_func(request, *args, **kwargs)
           ^^^^^^^^^^^^^^^^^^^^^^^^^^^^^^^^^^^
  File "/home/bader/Desktop/django_projects/venv/lib/python3.12/site-packages/django/utils/decorators.py", line 192, in _view_wrapper
    result = _process_exception(request, e)
             ^^^^^^^^^^^^^^^^^^^^^^^^^^^^^^
  File "/home/bader/Desktop/django_projects/venv/lib/python3.12/site-packages/django/utils/decorators.py", line 190, in _view_wrapper
    response = view_func(request, *args, **kwargs)
               ^^^^^^^^^^^^^^^^^^^^^^^^^^^^^^^^^^^
  File "/home/bader/Desktop/django_projects/venv/lib/python3.12/site-packages/django/views/decorators/http.py", line 64, in inner
    return func(request, *args, **kwargs)
           ^^^^^^^^^^^^^^^^^^^^^^^^^^^^^^
  File "/home/bader/Desktop/django_projects/mystore/accounts/views.py", line 251, in profile_view
    return render(request, 'accounts/profile.html', {
           ^^^^^^^^^^^^^^^^^^^^^^^^^^^^^^^^^^^^^^^^^^
  File "/home/bader/Desktop/django_projects/venv/lib/python3.12/site-packages/django/shortcuts.py", line 25, in render
    content = loader.render_to_string(template_name, context, request, using=using)
              ^^^^^^^^^^^^^^^^^^^^^^^^^^^^^^^^^^^^^^^^^^^^^^^^^^^^^^^^^^^^^^^^^^^^^
  File "/home/bader/Desktop/django_projects/venv/lib/python3.12/site-packages/django/template/loader.py", line 62, in render_to_string
    return template.render(context, request)
           ^^^^^^^^^^^^^^^^^^^^^^^^^^^^^^^^^
  File "/home/bader/Desktop/django_projects/venv/lib/python3.12/site-packages/django/template/backends/django.py", line 107, in render
    return self.template.render(context)
           ^^^^^^^^^^^^^^^^^^^^^^^^^^^^^
  File "/home/bader/Desktop/django_projects/venv/lib/python3.12/site-packages/django/template/base.py", line 174, in render
    return self._render(context)
           ^^^^^^^^^^^^^^^^^^^^^
  File "/home/bader/Desktop/django_projects/venv/lib/python3.12/site-packages/django/template/base.py", line 166, in _render
    return self.nodelist.render(context)
           ^^^^^^^^^^^^^^^^^^^^^^^^^^^^^
  File "/home/bader/Desktop/django_projects/venv/lib/python3.12/site-packages/django/template/base.py", line 1091, in render
    return SafeString("".join([node.render_annotated(context) for node in self]))
                               ^^^^^^^^^^^^^^^^^^^^^^^^^^^^^^
  File "/home/bader/Desktop/django_projects/venv/lib/python3.12/site-packages/django/template/base.py", line 1052, in render_annotated
    return self.render(context)
           ^^^^^^^^^^^^^^^^^^^^
  File "/home/bader/Desktop/django_projects/venv/lib/python3.12/site-packages/django/template/loader_tags.py", line 160, in render
    return compiled_parent._render(context)
           ^^^^^^^^^^^^^^^^^^^^^^^^^^^^^^^^
  File "/home/bader/Desktop/django_projects/venv/lib/python3.12/site-packages/django/template/base.py", line 166, in _render
    return self.nodelist.render(context)
           ^^^^^^^^^^^^^^^^^^^^^^^^^^^^^
  File "/home/bader/Desktop/django_projects/venv/lib/python3.12/site-packages/django/template/base.py", line 1091, in render
    return SafeString("".join([node.render_annotated(context) for node in self]))
                               ^^^^^^^^^^^^^^^^^^^^^^^^^^^^^^
  File "/home/bader/Desktop/django_projects/venv/lib/python3.12/site-packages/django/template/base.py", line 1052, in render_annotated
    return self.render(context)
           ^^^^^^^^^^^^^^^^^^^^
  File "/home/bader/Desktop/django_projects/venv/lib/python3.12/site-packages/django/template/loader_tags.py", line 66, in render
    result = block.nodelist.render(context)
             ^^^^^^^^^^^^^^^^^^^^^^^^^^^^^^
  File "/home/bader/Desktop/django_projects/venv/lib/python3.12/site-packages/django/template/base.py", line 1091, in render
    return SafeString("".join([node.render_annotated(context) for node in self]))
                               ^^^^^^^^^^^^^^^^^^^^^^^^^^^^^^
  File "/home/bader/Desktop/django_projects/venv/lib/python3.12/site-packages/django/template/base.py", line 1052, in render_annotated
    return self.render(context)
           ^^^^^^^^^^^^^^^^^^^^
  File "/home/bader/Desktop/django_projects/venv/lib/python3.12/site-packages/django/template/defaulttags.py", line 511, in render
    url = reverse(view_name, args=args, kwargs=kwargs, current_app=current_app)
          ^^^^^^^^^^^^^^^^^^^^^^^^^^^^^^^^^^^^^^^^^^^^^^^^^^^^^^^^^^^^^^^^^^^^^
  File "/home/bader/Desktop/django_projects/venv/lib/python3.12/site-packages/django/urls/base.py", line 98, in reverse
    resolved_url = resolver._reverse_with_prefix(view, prefix, *args, **kwargs)
                   ^^^^^^^^^^^^^^^^^^^^^^^^^^^^^^^^^^^^^^^^^^^^^^^^^^^^^^^^^^^^
  File "/home/bader/Desktop/django_projects/venv/lib/python3.12/site-packages/django/urls/resolvers.py", line 842, in _reverse_with_prefix
    raise NoReverseMatch(msg)
django.urls.exceptions.NoReverseMatch: Reverse for 'addresses' not found. 'addresses' is not a valid view function or pattern name.
ERROR 2026-01-25 22:19:57,804 log 143876 133487741892288 "GET /accounts/profile/ HTTP/1.1" 500 197786
WARNING 2026-01-25 22:26:19,580 log 144333 134468916475584 Not Found: /products/
WARNING 2026-01-25 22:26:19,582 log 144333 134468916475584 "GET /products/?page=2&category=electronics HTTP/1.1" 404 2968
WARNING 2026-01-25 22:26:21,404 log 144333 134468916475584 Not Found: /products/
WARNING 2026-01-25 22:26:21,406 log 144333 134468916475584 "GET /products/?page=2&category=electronics HTTP/1.1" 404 2968
ERROR 2026-01-25 22:47:25,418 log 145645 138180439307968 Internal Server Error: /dashboard/users/
Traceback (most recent call last):
  File "/home/bader/Desktop/django_projects/venv/lib/python3.12/site-packages/django/core/handlers/exception.py", line 55, in inner
    response = get_response(request)
               ^^^^^^^^^^^^^^^^^^^^^
  File "/home/bader/Desktop/django_projects/venv/lib/python3.12/site-packages/django/core/handlers/base.py", line 198, in _get_response
    response = wrapped_callback(request, *callback_args, **callback_kwargs)
               ^^^^^^^^^^^^^^^^^^^^^^^^^^^^^^^^^^^^^^^^^^^^^^^^^^^^^^^^^^^^
  File "/home/bader/Desktop/django_projects/venv/lib/python3.12/site-packages/django/contrib/auth/decorators.py", line 59, in _view_wrapper
    return view_func(request, *args, **kwargs)
           ^^^^^^^^^^^^^^^^^^^^^^^^^^^^^^^^^^^
  File "/home/bader/Desktop/django_projects/venv/lib/python3.12/site-packages/django/contrib/auth/decorators.py", line 59, in _view_wrapper
    return view_func(request, *args, **kwargs)
           ^^^^^^^^^^^^^^^^^^^^^^^^^^^^^^^^^^^
  File "/home/bader/Desktop/django_projects/mystore/dashboard/views.py", line 412, in user_list
    return render(request, 'dashboard/users/list.html', {
           ^^^^^^^^^^^^^^^^^^^^^^^^^^^^^^^^^^^^^^^^^^^^^^
  File "/home/bader/Desktop/django_projects/venv/lib/python3.12/site-packages/django/shortcuts.py", line 25, in render
    content = loader.render_to_string(template_name, context, request, using=using)
              ^^^^^^^^^^^^^^^^^^^^^^^^^^^^^^^^^^^^^^^^^^^^^^^^^^^^^^^^^^^^^^^^^^^^^
  File "/home/bader/Desktop/django_projects/venv/lib/python3.12/site-packages/django/template/loader.py", line 62, in render_to_string
    return template.render(context, request)
           ^^^^^^^^^^^^^^^^^^^^^^^^^^^^^^^^^
  File "/home/bader/Desktop/django_projects/venv/lib/python3.12/site-packages/django/template/backends/django.py", line 107, in render
    return self.template.render(context)
           ^^^^^^^^^^^^^^^^^^^^^^^^^^^^^
  File "/home/bader/Desktop/django_projects/venv/lib/python3.12/site-packages/django/template/base.py", line 174, in render
    return self._render(context)
           ^^^^^^^^^^^^^^^^^^^^^
  File "/home/bader/Desktop/django_projects/venv/lib/python3.12/site-packages/django/template/base.py", line 166, in _render
    return self.nodelist.render(context)
           ^^^^^^^^^^^^^^^^^^^^^^^^^^^^^
  File "/home/bader/Desktop/django_projects/venv/lib/python3.12/site-packages/django/template/base.py", line 1091, in render
    return SafeString("".join([node.render_annotated(context) for node in self]))
                               ^^^^^^^^^^^^^^^^^^^^^^^^^^^^^^
  File "/home/bader/Desktop/django_projects/venv/lib/python3.12/site-packages/django/template/base.py", line 1052, in render_annotated
    return self.render(context)
           ^^^^^^^^^^^^^^^^^^^^
  File "/home/bader/Desktop/django_projects/venv/lib/python3.12/site-packages/django/template/loader_tags.py", line 160, in render
    return compiled_parent._render(context)
           ^^^^^^^^^^^^^^^^^^^^^^^^^^^^^^^^
  File "/home/bader/Desktop/django_projects/venv/lib/python3.12/site-packages/django/template/base.py", line 166, in _render
    return self.nodelist.render(context)
           ^^^^^^^^^^^^^^^^^^^^^^^^^^^^^
  File "/home/bader/Desktop/django_projects/venv/lib/python3.12/site-packages/django/template/base.py", line 1091, in render
    return SafeString("".join([node.render_annotated(context) for node in self]))
                               ^^^^^^^^^^^^^^^^^^^^^^^^^^^^^^
  File "/home/bader/Desktop/django_projects/venv/lib/python3.12/site-packages/django/template/base.py", line 1052, in render_annotated
    return self.render(context)
           ^^^^^^^^^^^^^^^^^^^^
  File "/home/bader/Desktop/django_projects/venv/lib/python3.12/site-packages/django/template/loader_tags.py", line 66, in render
    result = block.nodelist.render(context)
             ^^^^^^^^^^^^^^^^^^^^^^^^^^^^^^
  File "/home/bader/Desktop/django_projects/venv/lib/python3.12/site-packages/django/template/base.py", line 1091, in render
    return SafeString("".join([node.render_annotated(context) for node in self]))
                               ^^^^^^^^^^^^^^^^^^^^^^^^^^^^^^
  File "/home/bader/Desktop/django_projects/venv/lib/python3.12/site-packages/django/template/base.py", line 1052, in render_annotated
    return self.render(context)
           ^^^^^^^^^^^^^^^^^^^^
  File "/home/bader/Desktop/django_projects/venv/lib/python3.12/site-packages/django/template/defaulttags.py", line 249, in render
    nodelist.append(node.render_annotated(context))
                    ^^^^^^^^^^^^^^^^^^^^^^^^^^^^^^
  File "/home/bader/Desktop/django_projects/venv/lib/python3.12/site-packages/django/template/base.py", line 1052, in render_annotated
    return self.render(context)
           ^^^^^^^^^^^^^^^^^^^^
  File "/home/bader/Desktop/django_projects/venv/lib/python3.12/site-packages/django/template/defaulttags.py", line 333, in render
    return nodelist.render(context)
           ^^^^^^^^^^^^^^^^^^^^^^^^
  File "/home/bader/Desktop/django_projects/venv/lib/python3.12/site-packages/django/template/base.py", line 1091, in render
    return SafeString("".join([node.render_annotated(context) for node in self]))
                               ^^^^^^^^^^^^^^^^^^^^^^^^^^^^^^
  File "/home/bader/Desktop/django_projects/venv/lib/python3.12/site-packages/django/template/base.py", line 1052, in render_annotated
    return self.render(context)
           ^^^^^^^^^^^^^^^^^^^^
  File "/home/bader/Desktop/django_projects/venv/lib/python3.12/site-packages/django/template/defaulttags.py", line 511, in render
    url = reverse(view_name, args=args, kwargs=kwargs, current_app=current_app)
          ^^^^^^^^^^^^^^^^^^^^^^^^^^^^^^^^^^^^^^^^^^^^^^^^^^^^^^^^^^^^^^^^^^^^^
  File "/home/bader/Desktop/django_projects/venv/lib/python3.12/site-packages/django/urls/base.py", line 98, in reverse
    resolved_url = resolver._reverse_with_prefix(view, prefix, *args, **kwargs)
                   ^^^^^^^^^^^^^^^^^^^^^^^^^^^^^^^^^^^^^^^^^^^^^^^^^^^^^^^^^^^^
  File "/home/bader/Desktop/django_projects/venv/lib/python3.12/site-packages/django/urls/resolvers.py", line 842, in _reverse_with_prefix
    raise NoReverseMatch(msg)
django.urls.exceptions.NoReverseMatch: Reverse for 'user_toggle_status' not found. 'user_toggle_status' is not a valid view function or pattern name.
ERROR 2026-01-25 22:47:25,431 log 145645 138180439307968 "GET /dashboard/users/ HTTP/1.1" 500 198400
WARNING 2026-01-25 23:34:29,496 log 146943 126001715603136 "POST /cart/add/ HTTP/1.1" 403 2575
WARNING 2026-01-25 23:34:48,944 log 146943 126001715603136 Not Found: /.well-known/appspecific/com.chrome.devtools.json
WARNING 2026-01-25 23:34:48,948 log 146943 126001715603136 "GET /.well-known/appspecific/com.chrome.devtools.json HTTP/1.1" 404 4624
WARNING 2026-01-25 23:34:55,496 log 146943 126001715603136 Not Found: /.well-known/appspecific/com.chrome.devtools.json
WARNING 2026-01-25 23:34:55,500 log 146943 126001715603136 "GET /.well-known/appspecific/com.chrome.devtools.json HTTP/1.1" 404 4624
WARNING 2026-01-25 23:35:09,772 log 146943 126001715603136 "POST /cart/add/ HTTP/1.1" 403 2575
WARNING 2026-01-25 23:35:16,602 log 146943 126001715603136 "POST /cart/add/ HTTP/1.1" 403 2575
WARNING 2026-01-25 23:35:24,092 log 146943 126001715603136 Not Found: /.well-known/appspecific/com.chrome.devtools.json
WARNING 2026-01-25 23:35:24,093 log 146943 126001715603136 "GET /.well-known/appspecific/com.chrome.devtools.json HTTP/1.1" 404 4624
WARNING 2026-01-25 23:35:26,074 log 146943 126001715603136 Not Found: /.well-known/appspecific/com.chrome.devtools.json
WARNING 2026-01-25 23:35:26,076 log 146943 126001715603136 "GET /.well-known/appspecific/com.chrome.devtools.json HTTP/1.1" 404 4624
WARNING 2026-01-25 23:35:36,845 log 146943 126001715603136 "POST /cart/add/ HTTP/1.1" 403 2575
WARNING 2026-01-25 23:35:53,170 log 146943 126001715603136 "POST /cart/add/ HTTP/1.1" 403 2575
WARNING 2026-01-25 23:37:23,525 log 148250 137132462044864 Not Found: /.well-known/appspecific/com.chrome.devtools.json
WARNING 2026-01-25 23:37:23,535 log 148250 137132462044864 "GET /.well-known/appspecific/com.chrome.devtools.json HTTP/1.1" 404 4624
WARNING 2026-01-25 23:37:32,051 log 148250 137132462044864 Not Found: /.well-known/appspecific/com.chrome.devtools.json
WARNING 2026-01-25 23:37:32,060 log 148250 137132462044864 "GET /.well-known/appspecific/com.chrome.devtools.json HTTP/1.1" 404 4624
ERROR 2026-01-25 23:39:22,201 log 148334 127293727962816 Internal Server Error: /accounts/address/add/
Traceback (most recent call last):
  File "/home/bader/Desktop/django_projects/venv/lib/python3.12/site-packages/django/core/handlers/exception.py", line 55, in inner
    response = get_response(request)
               ^^^^^^^^^^^^^^^^^^^^^
  File "/home/bader/Desktop/django_projects/venv/lib/python3.12/site-packages/django/core/handlers/base.py", line 198, in _get_response
    response = wrapped_callback(request, *callback_args, **callback_kwargs)
               ^^^^^^^^^^^^^^^^^^^^^^^^^^^^^^^^^^^^^^^^^^^^^^^^^^^^^^^^^^^^
  File "/home/bader/Desktop/django_projects/venv/lib/python3.12/site-packages/django/contrib/auth/decorators.py", line 59, in _view_wrapper
    return view_func(request, *args, **kwargs)
           ^^^^^^^^^^^^^^^^^^^^^^^^^^^^^^^^^^^
  File "/home/bader/Desktop/django_projects/venv/lib/python3.12/site-packages/django/utils/decorators.py", line 192, in _view_wrapper
    result = _process_exception(request, e)
             ^^^^^^^^^^^^^^^^^^^^^^^^^^^^^^
  File "/home/bader/Desktop/django_projects/venv/lib/python3.12/site-packages/django/utils/decorators.py", line 190, in _view_wrapper
    response = view_func(request, *args, **kwargs)
               ^^^^^^^^^^^^^^^^^^^^^^^^^^^^^^^^^^^
  File "/home/bader/Desktop/django_projects/venv/lib/python3.12/site-packages/django/views/decorators/http.py", line 64, in inner
    return func(request, *args, **kwargs)
           ^^^^^^^^^^^^^^^^^^^^^^^^^^^^^^
  File "/home/bader/Desktop/django_projects/mystore/accounts/views.py", line 308, in add_address_view
    Address.objects.create(
TypeError: django.db.models.query.QuerySet.create() got multiple values for keyword argument 'is_default'
ERROR 2026-01-25 23:39:22,222 log 148334 127293727962816 "POST /accounts/address/add/ HTTP/1.1" 500 93190
ERROR 2026-01-25 23:41:45,786 log 148617 139833382004416 Internal Server Error: /dashboard/orders/bb8e0992-5927-4412-b1f3-655f1881b6be/
Traceback (most recent call last):
  File "/home/bader/Desktop/django_projects/venv/lib/python3.12/site-packages/django/core/handlers/exception.py", line 55, in inner
    response = get_response(request)
               ^^^^^^^^^^^^^^^^^^^^^
  File "/home/bader/Desktop/django_projects/venv/lib/python3.12/site-packages/django/core/handlers/base.py", line 198, in _get_response
    response = wrapped_callback(request, *callback_args, **callback_kwargs)
               ^^^^^^^^^^^^^^^^^^^^^^^^^^^^^^^^^^^^^^^^^^^^^^^^^^^^^^^^^^^^
  File "/home/bader/Desktop/django_projects/venv/lib/python3.12/site-packages/django/contrib/auth/decorators.py", line 59, in _view_wrapper
    return view_func(request, *args, **kwargs)
           ^^^^^^^^^^^^^^^^^^^^^^^^^^^^^^^^^^^
  File "/home/bader/Desktop/django_projects/venv/lib/python3.12/site-packages/django/contrib/auth/decorators.py", line 59, in _view_wrapper
    return view_func(request, *args, **kwargs)
           ^^^^^^^^^^^^^^^^^^^^^^^^^^^^^^^^^^^
  File "/home/bader/Desktop/django_projects/mystore/dashboard/views.py", line 354, in order_detail
    order = get_object_or_404(Order.objects.select_related('user', 'shipping_address', 'billing_address'), pk=pk)
            ^^^^^^^^^^^^^^^^^^^^^^^^^^^^^^^^^^^^^^^^^^^^^^^^^^^^^^^^^^^^^^^^^^^^^^^^^^^^^^^^^^^^^^^^^^^^^^^^^^^^^
  File "/home/bader/Desktop/django_projects/venv/lib/python3.12/site-packages/django/shortcuts.py", line 90, in get_object_or_404
    return queryset.get(*args, **kwargs)
           ^^^^^^^^^^^^^^^^^^^^^^^^^^^^^
  File "/home/bader/Desktop/django_projects/venv/lib/python3.12/site-packages/django/db/models/query.py", line 635, in get
    num = len(clone)
          ^^^^^^^^^^
  File "/home/bader/Desktop/django_projects/venv/lib/python3.12/site-packages/django/db/models/query.py", line 372, in __len__
    self._fetch_all()
  File "/home/bader/Desktop/django_projects/venv/lib/python3.12/site-packages/django/db/models/query.py", line 2000, in _fetch_all
    self._result_cache = list(self._iterable_class(self))
                         ^^^^^^^^^^^^^^^^^^^^^^^^^^^^^^^^
  File "/home/bader/Desktop/django_projects/venv/lib/python3.12/site-packages/django/db/models/query.py", line 95, in __iter__
    results = compiler.execute_sql(
              ^^^^^^^^^^^^^^^^^^^^^
  File "/home/bader/Desktop/django_projects/venv/lib/python3.12/site-packages/django/db/models/sql/compiler.py", line 1611, in execute_sql
    sql, params = self.as_sql()
                  ^^^^^^^^^^^^^
  File "/home/bader/Desktop/django_projects/venv/lib/python3.12/site-packages/django/db/models/sql/compiler.py", line 767, in as_sql
    extra_select, order_by, group_by = self.pre_sql_setup(
                                       ^^^^^^^^^^^^^^^^^^^
  File "/home/bader/Desktop/django_projects/venv/lib/python3.12/site-packages/django/db/models/sql/compiler.py", line 86, in pre_sql_setup
    self.setup_query(with_col_aliases=with_col_aliases)
  File "/home/bader/Desktop/django_projects/venv/lib/python3.12/site-packages/django/db/models/sql/compiler.py", line 75, in setup_query
    self.select, self.klass_info, self.annotation_col_map = self.get_select(
                                                            ^^^^^^^^^^^^^^^^
  File "/home/bader/Desktop/django_projects/venv/lib/python3.12/site-packages/django/db/models/sql/compiler.py", line 300, in get_select
    related_klass_infos = self.get_related_selections(select, select_mask)
                          ^^^^^^^^^^^^^^^^^^^^^^^^^^^^^^^^^^^^^^^^^^^^^^^^
  File "/home/bader/Desktop/django_projects/venv/lib/python3.12/site-packages/django/db/models/sql/compiler.py", line 1231, in get_related_selections
    raise FieldError(
django.core.exceptions.FieldError: Non-relational field given in select_related: 'shipping_address'. Choices are: user
ERROR 2026-01-25 23:41:45,796 log 148617 139833382004416 "GET /dashboard/orders/bb8e0992-5927-4412-b1f3-655f1881b6be/ HTTP/1.1" 500 146661
